// Jest Snapshot v1, https://goo.gl/fbAQLP

exports[`HomeOwner should render HomeOwner component 1`] = `
<div
  class="property__host"
>
  <h2
    class="property__host-title"
  >
    Meet the host
  </h2>
  <div
    class="property__host-user user"
  >
    <div
      class="property__avatar-wrapper user__avatar-wrapper property__avatar-wrapper--pro"
    >
      <img
        alt="Host avatar"
        class="property__avatar user__avatar"
        height="74"
        src="img/avatar-angelina.jpg"
        width="74"
      />
    </div>
    <span
      class="property__user-name"
    >
      Angelina
    </span>
    <span
      class="property__user-status"
    >
      Pro
    </span>
  </div>
  <div
    class="property__description"
  >
    <p
      class="property__text"
    >
      Discover daily local life in city center, friendly neighborhood, clandestine casino, karaoke, old-style artisans, art gallery and artist studio downstairs.
    </p>
  </div>
</div>
`;
