// Jest Snapshot v1, https://goo.gl/fbAQLP

exports[`Review should render Review component 1`] = `
<li
  class="reviews__item"
>
  <div
    class="reviews__user user"
  >
    <div
      class="reviews__avatar-wrapper user__avatar-wrapper"
    >
      <img
        alt="Reviews avatar"
        class="reviews__avatar user__avatar"
        height="54"
        src="https://assets.htmlacademy.ru/intensives/javascript-3/avatar/9.jpg"
        width="54"
      />
    </div>
    <span
      class="reviews__user-name"
    >
      Sophie
    </span>
  </div>
  <div
    class="reviews__info"
  >
    <div
      class="reviews__rating rating"
    >
      <div
        class="reviews__stars rating__stars"
      >
        <span
          style="width:60%"
        />
        <span
          class="visually-hidden"
        >
          Rating
        </span>
      </div>
    </div>
    <p
      class="reviews__text"
    >
      We loved it so much, the house, the veiw, the location just great.. Highly reccomend :)
    </p>
    <time
      class="reviews__time"
      datetime="2020-11-02"
    >
      November 2020
    </time>
  </div>
</li>
`;
